ERROR: /Users/y.ershov/src/wt-cc/src/block/block_ckpt.c [block]: __ckpt_process: FUNC invalid call to __wti_ckpt_verbose of [ckpt]
ERROR: /Users/y.ershov/src/wt-cc/src/block/block_ckpt.c [block]: __ckpt_update: FUNC invalid call to __wti_ckpt_verbose of [ckpt]
ERROR: /Users/y.ershov/src/wt-cc/src/block/block_ckpt.c [block]: __wt_block_checkpoint_load: FUNC invalid call to __wti_ckpt_verbose of [ckpt]
ERROR: /Users/y.ershov/src/wt-cc/src/block/block_slvg.c [block]: __wt_block_salvage_start: FUNC invalid call to __wti_desc_write of [desc]
ERROR: /Users/y.ershov/src/wt-cc/src/block_cache/block_io.c [block_cache]: __wt_blkcache_read: FUNC invalid call to __wti_blkcache_get of [blkcache]
ERROR: /Users/y.ershov/src/wt-cc/src/block_cache/block_io.c [block_cache]: __wt_blkcache_read: FUNC invalid call to __wti_blkcache_map_read of [blkcache]
ERROR: /Users/y.ershov/src/wt-cc/src/block_cache/block_io.c [block_cache]: __wt_blkcache_read: FUNC invalid call to __wti_blkcache_put of [blkcache]
ERROR: /Users/y.ershov/src/wt-cc/src/block_cache/block_io.c [block_cache]: __wt_blkcache_write: FUNC invalid call to __wti_blkcache_put of [blkcache]
ERROR: /Users/y.ershov/src/wt-cc/src/block_cache/block_mgr.c [block_cache]: __bm_close: FUNC invalid call to __wti_bm_close_block of [bm]
ERROR: /Users/y.ershov/src/wt-cc/src/block_cache/block_mgr.c [block_cache]: __wt_blkcache_sweep_handles: FUNC invalid call to __wti_bm_close_block of [bm]
ERROR: /Users/y.ershov/src/wt-cc/src/block_cache/block_tier.c [block_cache]: __wt_blkcache_get_handle: FUNC invalid call to __wti_blkcache_tiered_open of [blkcache]
ERROR: /Users/y.ershov/src/wt-cc/src/block_cache/block_tier.c [block_cache]: __wt_blkcache_get_handle: FUNC invalid call to __wti_bm_close_block of [bm]
ERROR: /Users/y.ershov/src/wt-cc/src/btree/bt_compact.c [btree]: __compact_page_replace_addr: FUNC invalid call to __wti_ref_addr_safe_free of [ref]
ERROR: /Users/y.ershov/src/wt-cc/src/btree/bt_curnext.c [btree]: __wt_btcur_next: FUNC invalid call to __wti_btcur_iterate_setup of [btcur]
ERROR: /Users/y.ershov/src/wt-cc/src/btree/bt_curnext.c [btree]: __wt_btcur_next: FUNC invalid call to __wti_cursor_key_order_check of [cursor]
ERROR: /Users/y.ershov/src/wt-cc/src/btree/bt_curprev.c [btree]: __wt_btcur_prev: FUNC invalid call to __wti_btcur_bounds_position of [btcur]
ERROR: /Users/y.ershov/src/wt-cc/src/btree/bt_curprev.c [btree]: __wt_btcur_prev: FUNC invalid call to __wti_btcur_evict_reposition of [btcur]
ERROR: /Users/y.ershov/src/wt-cc/src/btree/bt_curprev.c [btree]: __wt_btcur_prev: FUNC invalid call to __wti_btcur_iterate_setup of [btcur]
ERROR: /Users/y.ershov/src/wt-cc/src/btree/bt_curprev.c [btree]: __wt_btcur_prev: FUNC invalid call to __wti_cursor_key_order_check of [cursor]
ERROR: /Users/y.ershov/src/wt-cc/src/btree/bt_cursor.c [btree]: __btcur_search_near_row_pinned_page: FUNC invalid call to __wti_cursor_valid of [cursor]
ERROR: /Users/y.ershov/src/wt-cc/src/btree/bt_cursor.c [btree]: __btcur_update: FUNC invalid call to __wti_cursor_valid of [cursor]
ERROR: /Users/y.ershov/src/wt-cc/src/btree/bt_cursor.c [btree]: __wt_btcur_insert: FUNC invalid call to __wti_cursor_valid of [cursor]
ERROR: /Users/y.ershov/src/wt-cc/src/btree/bt_cursor.c [btree]: __wt_btcur_remove: FUNC invalid call to __wti_cursor_valid of [cursor]
ERROR: /Users/y.ershov/src/wt-cc/src/btree/bt_cursor.c [btree]: __wt_btcur_search: FUNC invalid call to __wti_btcur_evict_reposition of [btcur]
ERROR: /Users/y.ershov/src/wt-cc/src/btree/bt_cursor.c [btree]: __wt_btcur_search: FUNC invalid call to __wti_cursor_valid of [cursor]
ERROR: /Users/y.ershov/src/wt-cc/src/btree/bt_cursor.c [btree]: __wt_btcur_search_near: FUNC invalid call to __wti_btcur_evict_reposition of [btcur]
ERROR: /Users/y.ershov/src/wt-cc/src/btree/bt_cursor.c [btree]: __wt_btcur_search_near: FUNC invalid call to __wti_cursor_valid of [cursor]
ERROR: /Users/y.ershov/src/wt-cc/src/btree/bt_cursor.c [btree]: __wti_btcur_bounds_position: FUNC invalid call to __wti_cursor_valid of [cursor]
ERROR: /Users/y.ershov/src/wt-cc/src/btree/bt_debug.c [btree]: __debug_dsk_col_fix: FUNC invalid call to __wti_col_fix_read_auxheader of [col]
ERROR: /Users/y.ershov/src/wt-cc/src/btree/bt_debug.c [btree]: __debug_tree_shape_info: FIELD : invalid access to field __wt_page::wti_evict_gen of [evict]
ERROR: /Users/y.ershov/src/wt-cc/src/btree/bt_debug.c [btree]: __wt_debug_cursor_page: FUNC invalid call to __wti_debug_page of [debug]
ERROR: /Users/y.ershov/src/wt-cc/src/btree/bt_delete.c [btree]: __instantiate_row: FUNC invalid call to __wti_read_row_time_window of [read]
ERROR: /Users/y.ershov/src/wt-cc/src/btree/bt_discard.c [btree]: __free_page_int: FUNC invalid call to __wti_free_ref of [free]
ERROR: /Users/y.ershov/src/wt-cc/src/btree/bt_discard.c [btree]: __wt_ref_addr_free: FUNC invalid call to __wti_ref_addr_safe_free of [ref]
ERROR: /Users/y.ershov/src/wt-cc/src/btree/bt_discard.c [btree]: __wti_free_ref_index: FUNC invalid call to __wti_free_ref of [free]
ERROR: /Users/y.ershov/src/wt-cc/src/btree/bt_handle.c [btree]: __wti_btree_tree_open: FUNC invalid call to __wti_page_inmem of [page]
ERROR: /Users/y.ershov/src/wt-cc/src/btree/bt_page.c [btree]: __inmem_col_fix: FUNC invalid call to __wti_col_fix_read_auxheader of [col]
ERROR: /Users/y.ershov/src/wt-cc/src/btree/bt_page.c [btree]: __wt_page_alloc: FIELD : invalid access to field __wt_page::wti_evict_gen of [evict]
ERROR: /Users/y.ershov/src/wt-cc/src/btree/bt_read.c [btree]: __page_read: FUNC invalid call to __wti_delete_page_instantiate of [delete]
ERROR: /Users/y.ershov/src/wt-cc/src/btree/bt_read.c [btree]: __page_read: FUNC invalid call to __wti_page_inmem of [page]
ERROR: /Users/y.ershov/src/wt-cc/src/btree/bt_read.c [btree]: __page_read: FUNC invalid call to __wti_page_inmem_prepare of [page]
ERROR: /Users/y.ershov/src/wt-cc/src/btree/bt_read.c [btree]: __wt_page_in_func: FUNC invalid call to __wti_delete_page_skip of [delete]
ERROR: /Users/y.ershov/src/wt-cc/src/btree/bt_ret.c [btree]: __wt_read_cell_time_window: FUNC invalid call to __wti_read_row_time_window of [read]
ERROR: /Users/y.ershov/src/wt-cc/src/btree/bt_split.c [btree]: __split_insert: FUNC invalid call to __wti_row_ikey of [row]
ERROR: /Users/y.ershov/src/wt-cc/src/btree/bt_split.c [btree]: __split_internal: FUNC invalid call to __wti_free_ref_index of [free]
ERROR: /Users/y.ershov/src/wt-cc/src/btree/bt_split.c [btree]: __split_internal: FUNC invalid call to __wti_row_ikey of [row]
ERROR: /Users/y.ershov/src/wt-cc/src/btree/bt_split.c [btree]: __split_multi_inmem: FIELD : invalid access to field __wt_page_modify::wti_last_evict_pass_gen of [last]
ERROR: /Users/y.ershov/src/wt-cc/src/btree/bt_split.c [btree]: __split_multi_inmem: FIELD : invalid access to field __wt_page_modify::wti_last_eviction_id of [last]
ERROR: /Users/y.ershov/src/wt-cc/src/btree/bt_split.c [btree]: __split_multi_inmem: FIELD : invalid access to field __wt_page_modify::wti_last_eviction_timestamp of [last]
ERROR: /Users/y.ershov/src/wt-cc/src/btree/bt_split.c [btree]: __split_multi_inmem: FUNC invalid call to __wti_page_inmem of [page]
ERROR: /Users/y.ershov/src/wt-cc/src/btree/bt_split.c [btree]: __split_multi_inmem: FUNC invalid call to __wti_page_inmem_prepare of [page]
ERROR: /Users/y.ershov/src/wt-cc/src/btree/bt_split.c [btree]: __split_multi_inmem_fail: FUNC invalid call to __wti_free_ref of [free]
ERROR: /Users/y.ershov/src/wt-cc/src/btree/bt_split.c [btree]: __split_parent: FUNC invalid call to __wti_delete_page_skip of [delete]
ERROR: /Users/y.ershov/src/wt-cc/src/btree/bt_split.c [btree]: __split_parent: FUNC invalid call to __wti_free_ref_index of [free]
ERROR: /Users/y.ershov/src/wt-cc/src/btree/bt_split.c [btree]: __split_ref_move: FUNC invalid call to __wti_row_ikey of [row]
ERROR: /Users/y.ershov/src/wt-cc/src/btree/bt_split.c [btree]: __split_root: FUNC invalid call to __wti_free_ref_index of [free]
ERROR: /Users/y.ershov/src/wt-cc/src/btree/bt_split.c [btree]: __split_root: FUNC invalid call to __wti_row_ikey of [row]
ERROR: /Users/y.ershov/src/wt-cc/src/btree/bt_split.c [btree]: __wt_multi_to_ref: FUNC invalid call to __wti_row_ikey of [row]
ERROR: /Users/y.ershov/src/wt-cc/src/btree/bt_vrfy.c [btree]: __verify_config_offsets: FUNC invalid call to __wti_debug_offset_blind of [debug]
ERROR: /Users/y.ershov/src/wt-cc/src/btree/bt_vrfy.c [btree]: __verify_tree: FUNC invalid call to __wti_debug_disk of [debug]
ERROR: /Users/y.ershov/src/wt-cc/src/btree/bt_vrfy.c [btree]: __verify_tree: FUNC invalid call to __wti_debug_page of [debug]
ERROR: /Users/y.ershov/src/wt-cc/src/btree/bt_vrfy_dsk.c [btree]: __err_cell_type: FUNC invalid call to __wti_cell_type_check of [cell]
ERROR: /Users/y.ershov/src/wt-cc/src/btree/bt_vrfy_dsk.c [btree]: __err_cell_type: FUNC invalid call to __wti_cell_type_string of [cell]
ERROR: /Users/y.ershov/src/wt-cc/src/btree/bt_vrfy_dsk.c [btree]: __verify_dsk_col_fix: FUNC invalid call to __wti_cell_type_string of [cell]
ERROR: /Users/y.ershov/src/wt-cc/src/btree/bt_vrfy_dsk.c [btree]: __verify_dsk_col_fix: FUNC invalid call to __wti_col_fix_read_auxheader of [col]
ERROR: /Users/y.ershov/src/wt-cc/src/conn/conn_api.c [conn]: __conn_close: FUNC invalid call to __wti_background_compact_server_destroy of [background]
ERROR: /Users/y.ershov/src/wt-cc/src/conn/conn_api.c [conn]: __conn_close: FUNC invalid call to __wti_checkpoint_server_destroy of [checkpoint]
ERROR: /Users/y.ershov/src/wt-cc/src/conn/conn_api.c [conn]: __conn_close: FUNC invalid call to __wti_chunkcache_metadata_destroy of [chunkcache]
ERROR: /Users/y.ershov/src/wt-cc/src/conn/conn_api.c [conn]: __conn_close: FUNC invalid call to __wti_connection_close of [connection]
ERROR: /Users/y.ershov/src/wt-cc/src/conn/conn_api.c [conn]: __conn_close: FUNC invalid call to __wti_prefetch_destroy of [prefetch]
ERROR: /Users/y.ershov/src/wt-cc/src/conn/conn_api.c [conn]: __conn_close: FUNC invalid call to __wti_sweep_destroy of [sweep]
ERROR: /Users/y.ershov/src/wt-cc/src/conn/conn_api.c [conn]: __conn_close: FUNC invalid call to __wti_tiered_storage_destroy of [tiered]
ERROR: /Users/y.ershov/src/wt-cc/src/conn/conn_api.c [conn]: __conn_debug_info: FUNC invalid call to __wti_verbose_dump_handles of [verbose]
ERROR: /Users/y.ershov/src/wt-cc/src/conn/conn_api.c [conn]: wiredtiger_open: FUNC invalid call to __wti_connection_close of [connection]
ERROR: /Users/y.ershov/src/wt-cc/src/conn/conn_api.c [conn]: wiredtiger_open: FUNC invalid call to __wti_connection_open of [connection]
ERROR: /Users/y.ershov/src/wt-cc/src/conn/conn_api.c [conn]: wiredtiger_open: FUNC invalid call to __wti_connection_workers of [connection]
ERROR: /Users/y.ershov/src/wt-cc/src/conn/conn_api.c [conn]: wiredtiger_open: FUNC invalid call to __wti_debug_mode_config of [debug]
ERROR: /Users/y.ershov/src/wt-cc/src/conn/conn_api.c [conn]: wiredtiger_open: FUNC invalid call to __wti_extra_diagnostics_config of [extra]
ERROR: /Users/y.ershov/src/wt-cc/src/conn/conn_api.c [conn]: wiredtiger_open: FUNC invalid call to __wti_heuristic_controls_config of [heuristic]
ERROR: /Users/y.ershov/src/wt-cc/src/conn/conn_api.c [conn]: wiredtiger_open: FUNC invalid call to __wti_json_config of [json]
ERROR: /Users/y.ershov/src/wt-cc/src/conn/conn_api.c [conn]: wiredtiger_open: FUNC invalid call to __wti_sweep_config of [sweep]
ERROR: /Users/y.ershov/src/wt-cc/src/conn/conn_api.c [conn]: wiredtiger_open: FUNC invalid call to __wti_timing_stress_config of [timing]
ERROR: /Users/y.ershov/src/wt-cc/src/conn/conn_cache.c [conn]: __wti_cache_config: FUNC invalid call to __wti_cache_pool_config of [cache]
ERROR: /Users/y.ershov/src/wt-cc/src/conn/conn_cache.c [conn]: __wti_cache_create: FUNC invalid call to __wti_cache_config of [cache]
ERROR: /Users/y.ershov/src/wt-cc/src/conn/conn_log.c [conn]: __logmgr_version: FUNC invalid call to __wti_logmgr_compat_version of [logmgr]
ERROR: /Users/y.ershov/src/wt-cc/src/conn/conn_log.c [conn]: __wti_logmgr_reconfig: FUNC invalid call to __wti_logmgr_config of [logmgr]
ERROR: /Users/y.ershov/src/wt-cc/src/conn/conn_open.c [conn]: __wti_connection_close: FUNC invalid call to __wti_background_compact_server_destroy of [background]
ERROR: /Users/y.ershov/src/wt-cc/src/conn/conn_open.c [conn]: __wti_connection_close: FUNC invalid call to __wti_capacity_server_destroy of [capacity]
ERROR: /Users/y.ershov/src/wt-cc/src/conn/conn_open.c [conn]: __wti_connection_close: FUNC invalid call to __wti_checkpoint_server_destroy of [checkpoint]
ERROR: /Users/y.ershov/src/wt-cc/src/conn/conn_open.c [conn]: __wti_connection_close: FUNC invalid call to __wti_chunkcache_metadata_destroy of [chunkcache]
ERROR: /Users/y.ershov/src/wt-cc/src/conn/conn_open.c [conn]: __wti_connection_close: FUNC invalid call to __wti_statlog_destroy of [statlog]
ERROR: /Users/y.ershov/src/wt-cc/src/conn/conn_open.c [conn]: __wti_connection_close: FUNC invalid call to __wti_sweep_destroy of [sweep]
ERROR: /Users/y.ershov/src/wt-cc/src/conn/conn_open.c [conn]: __wti_connection_close: FUNC invalid call to __wti_tiered_storage_destroy of [tiered]
ERROR: /Users/y.ershov/src/wt-cc/src/conn/conn_open.c [conn]: __wti_connection_workers: FUNC invalid call to __wti_background_compact_server_create of [background]
ERROR: /Users/y.ershov/src/wt-cc/src/conn/conn_open.c [conn]: __wti_connection_workers: FUNC invalid call to __wti_capacity_server_create of [capacity]
ERROR: /Users/y.ershov/src/wt-cc/src/conn/conn_open.c [conn]: __wti_connection_workers: FUNC invalid call to __wti_checkpoint_server_create of [checkpoint]
ERROR: /Users/y.ershov/src/wt-cc/src/conn/conn_open.c [conn]: __wti_connection_workers: FUNC invalid call to __wti_chunkcache_metadata_create of [chunkcache]
ERROR: /Users/y.ershov/src/wt-cc/src/conn/conn_open.c [conn]: __wti_connection_workers: FUNC invalid call to __wti_statlog_create of [statlog]
ERROR: /Users/y.ershov/src/wt-cc/src/conn/conn_open.c [conn]: __wti_connection_workers: FUNC invalid call to __wti_sweep_create of [sweep]
ERROR: /Users/y.ershov/src/wt-cc/src/conn/conn_open.c [conn]: __wti_connection_workers: FUNC invalid call to __wti_tiered_storage_create of [tiered]
ERROR: /Users/y.ershov/src/wt-cc/src/cursor/cur_backup_incr.c [cursor]: __wti_curbackup_open_incr: FUNC invalid call to __wti_curbackup_free_incr of [curbackup]
ERROR: /Users/y.ershov/src/wt-cc/src/cursor/cur_std.c [cursor]: __cursor_reuse_or_init: FUNC invalid call to __wti_curdump_create of [curdump]
ERROR: /Users/y.ershov/src/wt-cc/src/cursor/cur_table.c [cursor]: __wt_curtable_open: FUNC invalid call to __wti_json_column_init of [json]
ERROR: /Users/y.ershov/src/wt-cc/src/include/btree_inline.h [btree]: __wt_page_evict_retry: FIELD : invalid access to field __wt_page_modify::wti_last_evict_pass_gen of [last]
ERROR: /Users/y.ershov/src/wt-cc/src/include/btree_inline.h [btree]: __wt_page_evict_retry: FIELD : invalid access to field __wt_page_modify::wti_last_eviction_id of [last]
ERROR: /Users/y.ershov/src/wt-cc/src/include/btree_inline.h [btree]: __wt_page_evict_retry: FIELD : invalid access to field __wt_page_modify::wti_last_eviction_timestamp of [last]
ERROR: /Users/y.ershov/src/wt-cc/src/lsm/lsm_cursor.c [lsm]: __wt_clsm_open: FUNC invalid call to __wti_clsm_close of [clsm]
ERROR: /Users/y.ershov/src/wt-cc/src/lsm/lsm_cursor_bulk.c [lsm]: __clsm_close_bulk: FUNC invalid call to __wti_clsm_close of [clsm]
ERROR: /Users/y.ershov/src/wt-cc/src/lsm/lsm_merge.c [lsm]: __wti_lsm_merge: FUNC invalid call to __wti_clsm_init_merge of [clsm]
ERROR: /Users/y.ershov/src/wt-cc/src/lsm/lsm_work_unit.c [lsm]: __lsm_bloom_create: FUNC invalid call to __wti_clsm_init_merge of [clsm]
ERROR: /Users/y.ershov/src/wt-cc/src/meta/meta_table.c [meta]: __wt_metadata_search: FUNC invalid call to __wti_turtle_read of [turtle]
ERROR: /Users/y.ershov/src/wt-cc/src/meta/meta_table.c [meta]: __wt_metadata_update: FUNC invalid call to __wti_turtle_update of [turtle]
ERROR: /Users/y.ershov/src/wt-cc/src/os_posix/os_dir.c [os_posix]: __directory_list_worker: FUNC invalid call to __wti_posix_directory_list_free of [posix]
ERROR: /Users/y.ershov/src/wt-cc/src/os_posix/os_fs.c [os_posix]: __posix_file_truncate: FUNC invalid call to __wti_posix_prepare_remap_resize_file of [posix]
ERROR: /Users/y.ershov/src/wt-cc/src/os_posix/os_fs.c [os_posix]: __posix_file_write_mmap: FUNC invalid call to __wti_posix_prepare_remap_resize_file of [posix]
ERROR: /Users/y.ershov/src/wt-cc/src/os_posix/os_fs.c [os_posix]: __posix_open_file: FUNC invalid call to __wti_posix_file_extend of [posix]
ERROR: /Users/y.ershov/src/wt-cc/src/os_posix/os_fs.c [os_posix]: __posix_open_file: FUNC invalid call to __wti_posix_map of [posix]
ERROR: /Users/y.ershov/src/wt-cc/src/os_posix/os_fs.c [os_posix]: __posix_open_file: FUNC invalid call to __wti_posix_map_discard of [posix]
ERROR: /Users/y.ershov/src/wt-cc/src/os_posix/os_fs.c [os_posix]: __posix_open_file: FUNC invalid call to __wti_posix_map_preload of [posix]
ERROR: /Users/y.ershov/src/wt-cc/src/os_posix/os_fs.c [os_posix]: __posix_open_file: FUNC invalid call to __wti_posix_unmap of [posix]
ERROR: /Users/y.ershov/src/wt-cc/src/os_posix/os_fs.c [os_posix]: __wt_os_posix: FUNC invalid call to __wti_posix_directory_list of [posix]
ERROR: /Users/y.ershov/src/wt-cc/src/os_posix/os_fs.c [os_posix]: __wt_os_posix: FUNC invalid call to __wti_posix_directory_list_free of [posix]
ERROR: /Users/y.ershov/src/wt-cc/src/os_posix/os_fs.c [os_posix]: __wt_os_posix: FUNC invalid call to __wti_posix_directory_list_single of [posix]
ERROR: /Users/y.ershov/src/wt-cc/src/reconcile/rec_col.c [reconcile]: __rec_col_fix_addtw: FUNC invalid call to __wti_rec_split_grow of [rec]
ERROR: /Users/y.ershov/src/wt-cc/src/reconcile/rec_col.c [reconcile]: __rec_col_fix_bulk_insert_split_check: FUNC invalid call to __wti_rec_split of [rec]
ERROR: /Users/y.ershov/src/wt-cc/src/reconcile/rec_col.c [reconcile]: __rec_col_merge: FUNC invalid call to __wti_rec_split_crossing_bnd of [rec]
ERROR: /Users/y.ershov/src/wt-cc/src/reconcile/rec_col.c [reconcile]: __rec_col_var_helper: FUNC invalid call to __wti_rec_split_crossing_bnd of [rec]
ERROR: /Users/y.ershov/src/wt-cc/src/reconcile/rec_col.c [reconcile]: __wt_bulk_insert_var: FUNC invalid call to __wti_rec_split_crossing_bnd of [rec]
ERROR: /Users/y.ershov/src/wt-cc/src/reconcile/rec_col.c [reconcile]: __wti_rec_col_fix: FUNC invalid call to __wti_rec_hs_clear_on_tombstone of [rec]
ERROR: /Users/y.ershov/src/wt-cc/src/reconcile/rec_col.c [reconcile]: __wti_rec_col_fix: FUNC invalid call to __wti_rec_split of [rec]
ERROR: /Users/y.ershov/src/wt-cc/src/reconcile/rec_col.c [reconcile]: __wti_rec_col_fix: FUNC invalid call to __wti_rec_split_finish of [rec]
ERROR: /Users/y.ershov/src/wt-cc/src/reconcile/rec_col.c [reconcile]: __wti_rec_col_fix: FUNC invalid call to __wti_rec_split_init of [rec]
ERROR: /Users/y.ershov/src/wt-cc/src/reconcile/rec_col.c [reconcile]: __wti_rec_col_fix: FUNC invalid call to __wti_rec_upd_select of [rec]
ERROR: /Users/y.ershov/src/wt-cc/src/reconcile/rec_col.c [reconcile]: __wti_rec_col_int: FUNC invalid call to __wti_rec_child_modify of [rec]
ERROR: /Users/y.ershov/src/wt-cc/src/reconcile/rec_col.c [reconcile]: __wti_rec_col_int: FUNC invalid call to __wti_rec_split_crossing_bnd of [rec]
ERROR: /Users/y.ershov/src/wt-cc/src/reconcile/rec_col.c [reconcile]: __wti_rec_col_int: FUNC invalid call to __wti_rec_split_finish of [rec]
ERROR: /Users/y.ershov/src/wt-cc/src/reconcile/rec_col.c [reconcile]: __wti_rec_col_int: FUNC invalid call to __wti_rec_split_init of [rec]
ERROR: /Users/y.ershov/src/wt-cc/src/reconcile/rec_col.c [reconcile]: __wti_rec_col_var: FUNC invalid call to __wti_rec_hs_clear_on_tombstone of [rec]
ERROR: /Users/y.ershov/src/wt-cc/src/reconcile/rec_col.c [reconcile]: __wti_rec_col_var: FUNC invalid call to __wti_rec_split_finish of [rec]
ERROR: /Users/y.ershov/src/wt-cc/src/reconcile/rec_col.c [reconcile]: __wti_rec_col_var: FUNC invalid call to __wti_rec_split_init of [rec]
ERROR: /Users/y.ershov/src/wt-cc/src/reconcile/rec_col.c [reconcile]: __wti_rec_col_var: FUNC invalid call to __wti_rec_upd_select of [rec]
ERROR: /Users/y.ershov/src/wt-cc/src/reconcile/rec_row.c [reconcile]: __rec_row_leaf_insert: FUNC invalid call to __wti_rec_hs_clear_on_tombstone of [rec]
ERROR: /Users/y.ershov/src/wt-cc/src/reconcile/rec_row.c [reconcile]: __rec_row_leaf_insert: FUNC invalid call to __wti_rec_split_crossing_bnd of [rec]
ERROR: /Users/y.ershov/src/wt-cc/src/reconcile/rec_row.c [reconcile]: __rec_row_leaf_insert: FUNC invalid call to __wti_rec_upd_select of [rec]
ERROR: /Users/y.ershov/src/wt-cc/src/reconcile/rec_row.c [reconcile]: __rec_row_merge: FUNC invalid call to __wti_rec_split_crossing_bnd of [rec]
ERROR: /Users/y.ershov/src/wt-cc/src/reconcile/rec_row.c [reconcile]: __wt_bulk_insert_row: FUNC invalid call to __wti_rec_split_crossing_bnd of [rec]
ERROR: /Users/y.ershov/src/wt-cc/src/reconcile/rec_row.c [reconcile]: __wti_rec_row_int: FUNC invalid call to __wti_rec_child_modify of [rec]
ERROR: /Users/y.ershov/src/wt-cc/src/reconcile/rec_row.c [reconcile]: __wti_rec_row_int: FUNC invalid call to __wti_rec_split_crossing_bnd of [rec]
ERROR: /Users/y.ershov/src/wt-cc/src/reconcile/rec_row.c [reconcile]: __wti_rec_row_int: FUNC invalid call to __wti_rec_split_finish of [rec]
ERROR: /Users/y.ershov/src/wt-cc/src/reconcile/rec_row.c [reconcile]: __wti_rec_row_int: FUNC invalid call to __wti_rec_split_init of [rec]
ERROR: /Users/y.ershov/src/wt-cc/src/reconcile/rec_row.c [reconcile]: __wti_rec_row_leaf: FUNC invalid call to __wti_rec_hs_clear_on_tombstone of [rec]
ERROR: /Users/y.ershov/src/wt-cc/src/reconcile/rec_row.c [reconcile]: __wti_rec_row_leaf: FUNC invalid call to __wti_rec_split_crossing_bnd of [rec]
ERROR: /Users/y.ershov/src/wt-cc/src/reconcile/rec_row.c [reconcile]: __wti_rec_row_leaf: FUNC invalid call to __wti_rec_split_finish of [rec]
ERROR: /Users/y.ershov/src/wt-cc/src/reconcile/rec_row.c [reconcile]: __wti_rec_row_leaf: FUNC invalid call to __wti_rec_split_init of [rec]
ERROR: /Users/y.ershov/src/wt-cc/src/reconcile/rec_row.c [reconcile]: __wti_rec_row_leaf: FUNC invalid call to __wti_rec_upd_select of [rec]
ERROR: /Users/y.ershov/src/wt-cc/src/reconcile/rec_write.c [reconcile]: __rec_destroy: FUNC invalid call to __wti_rec_dictionary_free of [rec]
ERROR: /Users/y.ershov/src/wt-cc/src/reconcile/rec_write.c [reconcile]: __rec_init: FUNC invalid call to __wti_rec_dictionary_init of [rec]
ERROR: /Users/y.ershov/src/wt-cc/src/reconcile/rec_write.c [reconcile]: __rec_init: FUNC invalid call to __wti_rec_dictionary_reset of [rec]
ERROR: /Users/y.ershov/src/wt-cc/src/reconcile/rec_write.c [reconcile]: __rec_split_discard: FUNC invalid call to __wti_ovfl_track_wrapup of [ovfl]
ERROR: /Users/y.ershov/src/wt-cc/src/reconcile/rec_write.c [reconcile]: __rec_split_finish_process_prev: FUNC invalid call to __wti_rec_split_grow of [rec]
ERROR: /Users/y.ershov/src/wt-cc/src/reconcile/rec_write.c [reconcile]: __rec_write_err: FUNC invalid call to __wti_ovfl_track_wrapup_err of [ovfl]
ERROR: /Users/y.ershov/src/wt-cc/src/reconcile/rec_write.c [reconcile]: __rec_write_wrapup: FUNC invalid call to __wti_ovfl_track_wrapup of [ovfl]
ERROR: /Users/y.ershov/src/wt-cc/src/reconcile/rec_write.c [reconcile]: __reconcile_save_evict_state: FIELD : invalid access to field __wt_page_modify::wti_last_evict_pass_gen of [last]
ERROR: /Users/y.ershov/src/wt-cc/src/reconcile/rec_write.c [reconcile]: __reconcile_save_evict_state: FIELD : invalid access to field __wt_page_modify::wti_last_eviction_id of [last]
ERROR: /Users/y.ershov/src/wt-cc/src/reconcile/rec_write.c [reconcile]: __reconcile_save_evict_state: FIELD : invalid access to field __wt_page_modify::wti_last_eviction_timestamp of [last]
ERROR: /Users/y.ershov/src/wt-cc/src/reconcile/rec_write.c [reconcile]: __wt_bulk_init: FUNC invalid call to __wti_rec_split_init of [rec]
ERROR: /Users/y.ershov/src/wt-cc/src/reconcile/rec_write.c [reconcile]: __wt_bulk_wrapup: FUNC invalid call to __wti_rec_split_finish of [rec]
ERROR: /Users/y.ershov/src/wt-cc/src/reconcile/rec_write.c [reconcile]: __wt_rec_cell_build_ovfl: FUNC invalid call to __wti_ovfl_reuse_add of [ovfl]
ERROR: /Users/y.ershov/src/wt-cc/src/reconcile/rec_write.c [reconcile]: __wt_rec_cell_build_ovfl: FUNC invalid call to __wti_ovfl_reuse_search of [ovfl]
ERROR: /Users/y.ershov/src/wt-cc/src/reconcile/rec_write.c [reconcile]: __wti_rec_split: FUNC invalid call to __wti_rec_dictionary_reset of [rec]
ERROR: /Users/y.ershov/src/wt-cc/src/reconcile/rec_write.c [reconcile]: __wti_rec_split: FUNC invalid call to __wti_rec_split_grow of [rec]
ERROR: /Users/y.ershov/src/wt-cc/src/reconcile/rec_write.c [reconcile]: __wti_rec_split_crossing_bnd: FUNC invalid call to __wti_rec_dictionary_reset of [rec]
ERROR: /Users/y.ershov/src/wt-cc/src/reconcile/rec_write.c [reconcile]: __wti_rec_split_crossing_bnd: FUNC invalid call to __wti_rec_split of [rec]
ERROR: /Users/y.ershov/src/wt-cc/src/rollback_to_stable/rts.c [rollback_to_stable]: __wti_rts_btree_apply_all: FUNC invalid call to __wti_rts_progress_msg of [rts]
ERROR: /Users/y.ershov/src/wt-cc/src/rollback_to_stable/rts_api.c [rollback_to_stable]: __rollback_to_stable_int: FUNC invalid call to __wti_rts_btree_apply_all of [rts]
ERROR: /Users/y.ershov/src/wt-cc/src/rollback_to_stable/rts_api.c [rollback_to_stable]: __rollback_to_stable_one: FUNC invalid call to __wti_rts_btree_walk_btree_apply of [rts]
ERROR: /Users/y.ershov/src/wt-cc/src/rollback_to_stable/rts_btree.c [rollback_to_stable]: __rts_btree_abort_update: FUNC invalid call to __wti_rts_history_delete_hs of [rts]
ERROR: /Users/y.ershov/src/wt-cc/src/rollback_to_stable/rts_btree_walk.c [rollback_to_stable]: __rts_btree_walk: FUNC invalid call to __wti_rts_btree_abort_updates of [rts]
ERROR: /Users/y.ershov/src/wt-cc/src/rollback_to_stable/rts_btree_walk.c [rollback_to_stable]: __rts_btree_walk: FUNC invalid call to __wti_rts_progress_msg of [rts]
ERROR: /Users/y.ershov/src/wt-cc/src/rollback_to_stable/rts_btree_walk.c [rollback_to_stable]: __wti_rts_btree_walk_btree_apply: FUNC invalid call to __wti_rts_history_btree_hs_truncate of [rts]
ERROR: /Users/y.ershov/src/wt-cc/src/rollback_to_stable/rts_history.c [rollback_to_stable]: __wti_rts_history_final_pass: FUNC invalid call to __wti_rts_history_btree_hs_truncate of [rts]
ERROR: /Users/y.ershov/src/wt-cc/src/schema/schema_alter.c [schema]: __schema_alter: FUNC invalid call to __wti_execute_handle_operation of [execute]
ERROR: /Users/y.ershov/src/wt-cc/src/schema/schema_open.c [schema]: __open_index: FUNC invalid call to __wti_struct_truncate of [struct]
ERROR: /Users/y.ershov/src/wt-cc/src/schema/schema_open.c [schema]: __wti_schema_open_colgroups: FUNC invalid call to __wti_table_check of [table]
ERROR: /Users/y.ershov/src/wt-cc/src/schema/schema_worker.c [schema]: __wt_schema_worker: FUNC invalid call to __wti_execute_handle_operation of [execute]
